[explorer] exploring https://www.saucedemo.com/ -> D:\Frameworks\vibium\output\explorer\login
[explorer] tool: mcp__vibium__vibium_navigate({"url": "https://www.saucedemo.com/"})
[explorer] tool: mcp__vibium__vibium_get_a11y_tree({})
[explorer] tool: mcp__vibium__vibium_find({"role": "textbox", "label": "Username"})
[explorer] tool: mcp__vibium__vibium_find({"placeholder": "Username"})
[explorer] tool: mcp__vibium__vibium_find({"role": "textbox", "label": "Password"})
[explorer] tool: mcp__vibium__vibium_find({"placeholder": "Password"})
[explorer] tool: mcp__vibium__vibium_find({"role": "button"})
[explorer] tool: mcp__vibium__vibium_find({"testid": "login-button"})
[explorer] tool: mcp__vibium__vibium_find({"role": "button", "text": "Login"})
[explorer] tool: mcp__vibium__vibium_find({"testid": "username"})
[explorer] tool: mcp__vibium__vibium_find({"testid": "password"})
[explorer] tool: mcp__vibium__vibium_find({"testid": "login-credentials"})
[explorer] tool: mcp__vibium__vibium_find({"role": "heading"})
[explorer] tool: mcp__vibium__vibium_find({"role": "button", "label": "Login"})
[explorer] tool: mcp__vibium__vibium_find({"testid": "login-button"})
[explorer] tool: mcp__vibium__vibium_screenshot({"output_dir": "D:\\Frameworks\\vibium\\output\\explorer\\login", "name": "login-page"})
[explorer] tool: mcp__vibium__vibium_find({"role": "heading", "text": "Accepted usernames are:"})
[explorer] tool: mcp__vibium__vibium_find({"role": "heading", "text": "Password for all users:"})
[explorer] tool: mcp__vibium__vibium_find({"text": "Password for all users:"})
[explorer] tool: Write({"file_path": "D:\\Frameworks\\vibium\\output\\explorer\\login\\element-map.json", "content": "{\n  \"page\": \"login\",)
[explorer] tool: Write({"file_path": "D:\\Frameworks\\vibium\\output\\explorer\\login\\context.md", "content": "# Login page \u2014 saucedemo.c)
[explorer] Done. 3 interactive elements mapped, all with unambiguous, confidence-5 primary locators — no blocking gaps.

- `usernameInput` / `passwordInput`: primary `placeholder=` (name comes from placeholder, not a real label — `label=` queries fail despite a11y tree showing a name)
- `loginButton`: primary `role=button,label=Login` (it's an `<input type=submit>`, so `text=Login` fails, `label=Login` works)

Notable non-blocking findings in context.md: `testid` strategy doesn't hit SauceDemo's `data-test` attributes, and the raw `get_a11y_tree` dump under-reports accessible names vs. targeted `find()` calls — worth flagging to whoever maintains the vibium tool.
[explorer] done: D:\Frameworks\vibium\output\explorer\login\element-map.json
