[explorer] exploring https://www.saucedemo.com/ -> D:\Frameworks\vibium\output\explorer\login
[explorer] tool: mcp__vibium__vibium_navigate({"url": "https://www.saucedemo.com/"})
[explorer] tool: mcp__vibium__vibium_get_a11y_tree({})
[explorer] tool: mcp__vibium__vibium_find({"placeholder": "Username"})
[explorer] tool: mcp__vibium__vibium_find({"placeholder": "Password"})
[explorer] tool: mcp__vibium__vibium_find({"role": "button"})
[explorer] tool: mcp__vibium__vibium_find({"testid": "login-button"})
[explorer] tool: mcp__vibium__vibium_find({"text": "Login"})
[explorer] tool: mcp__vibium__vibium_find({"testid": "username"})
[explorer] tool: mcp__vibium__vibium_find({"testid": "password"})
[explorer] tool: mcp__vibium__vibium_find({"label": "Username"})
[explorer] tool: mcp__vibium__vibium_find({"label": "Password"})
[explorer] tool: mcp__vibium__vibium_find({"role": "textbox"})
[explorer] tool: mcp__vibium__vibium_find({"text": "Swag Labs"})
[explorer] tool: mcp__vibium__vibium_screenshot({"output_dir": "D:\\Frameworks\\vibium\\output\\explorer\\login", "name": "login-page"})
[explorer] tool: mcp__vibium__vibium_find({"label": "Login"})
[explorer] tool: mcp__vibium__vibium_find({"role": "heading"})
[explorer] tool: Write({"file_path": "D:\\Frameworks\\vibium\\output\\explorer\\login\\element-map.json", "content": "{\n  \"page\": \"login\",)
[explorer] tool: Write({"file_path": "D:\\Frameworks\\vibium\\output\\explorer\\login\\context.md", "content": "# Login page \u2014 https://www)
[explorer] Done. 3 interactive elements mapped, all with confident primary semantic locators, 0 hard testability gaps (3 LOW-severity notes flagged for the writer agent — see context.md).
[explorer] done: D:\Frameworks\vibium\output\explorer\login\element-map.json
